

================================================================
== Vitis HLS Report for 'dup_strm_128u_Pipeline_LOOP_DUP_STREAM'
================================================================
* Date:           Wed Jun 10 15:14:57 2026

* Version:        2024.2 (Build 5238294 on Nov  8 2024)
* Project:        test
* Solution:       hls (Vivado IP Flow Target)
* Product family: zynquplus
* Target device:  xczu3eg-sbva484-1-i


================================================================
== Performance Estimates
================================================================
+ Timing: 
    * Summary: 
    +--------+----------+----------+------------+
    |  Clock |  Target  | Estimated| Uncertainty|
    +--------+----------+----------+------------+
    |ap_clk  |  10.00 ns|  3.878 ns|     1.05 ns|
    +--------+----------+----------+------------+

+ Latency: 
    * Summary: 
    +---------+---------+-----------+-----------+-----+-----+------------------------------------------------+
    |  Latency (cycles) |   Latency (absolute)  |  Interval |                    Pipeline                    |
    |   min   |   max   |    min    |    max    | min | max |                      Type                      |
    +---------+---------+-----------+-----------+-----+-----+------------------------------------------------+
    |        3|        3|  30.000 ns|  30.000 ns|    2|    2|  loop auto-rewind stp (delay=0 clock cycles(s))|
    +---------+---------+-----------+-----------+-----+-----+------------------------------------------------+

    + Detail: 
        * Instance: 
        N/A

        * Loop: 
        +-------------------+---------+---------+----------+-----------+-----------+------+----------+
        |                   |  Latency (cycles) | Iteration|  Initiation Interval  | Trip |          |
        |     Loop Name     |   min   |   max   |  Latency |  achieved |   target  | Count| Pipelined|
        +-------------------+---------+---------+----------+-----------+-----------+------+----------+
        |- LOOP_DUP_STREAM  |        1|        1|         2|          1|          1|     1|       yes|
        +-------------------+---------+---------+----------+-----------+-----------+------+----------+

============================================================
+ Verbose Summary: Synthesis Manager
============================================================
InlineROM: 1
ExposeGlobal: 0
============================================================
+ Verbose Summary: CDFG Model
============================================================
IsTopModel: 0
ResetActiveHigh: 1
IsCombinational: 0
IsDatapathOnly: 0
HasWiredReturn: 1
HasMFsm: 2
HasVarLatency: 1
IsPipeline: 0
IsRtlPipelined: 0
IsInstanceOverlapped: 0
IsDontTouch: 0
HasImplIP: 0
IsGatedGlobalClock: 0

+ Individual pipeline summary: 
  * Pipeline-0: initiation interval (II) = 1, depth = 2


============================================================
+ Verbose Summary: Schedule
============================================================
* Number of FSM states : 2
* Pipeline : 1
  Pipeline-0 : II = 1, D = 2, States = { 1 2 }
* Dataflow Pipeline: 0

* FSM state transitions: 
1 --> 2 
2 --> 

* FSM state operations: 

State 1 <SV = 0> <Delay = 2.42>
ST_1 : Operation 5 [1/1] (0.00ns)   --->   "%specmemcore_ln0 = specmemcore void @_ssdm_op_SpecMemCore, i128 %nblk_strm, i64 666, i64 9, i64 18446744073709551615"   --->   Operation 5 'specmemcore' 'specmemcore_ln0' <Predicate = true> <Delay = 0.00>
ST_1 : Operation 6 [1/1] (0.00ns)   --->   "%specmemcore_ln0 = specmemcore void @_ssdm_op_SpecMemCore, i128 %nblk_strm1, i64 666, i64 9, i64 18446744073709551615"   --->   Operation 6 'specmemcore' 'specmemcore_ln0' <Predicate = true> <Delay = 0.00>
ST_1 : Operation 7 [1/1] (0.00ns)   --->   "%specmemcore_ln0 = specmemcore void @_ssdm_op_SpecMemCore, i128 %nblk_strm2, i64 666, i64 9, i64 18446744073709551615"   --->   Operation 7 'specmemcore' 'specmemcore_ln0' <Predicate = true> <Delay = 0.00>
ST_1 : Operation 8 [1/1] (0.00ns)   --->   "%specmemcore_ln0 = specmemcore void @_ssdm_op_SpecMemCore, i1 %end_nblk_strm, i64 666, i64 9, i64 18446744073709551615"   --->   Operation 8 'specmemcore' 'specmemcore_ln0' <Predicate = true> <Delay = 0.00>
ST_1 : Operation 9 [1/1] (0.00ns)   --->   "%specmemcore_ln0 = specmemcore void @_ssdm_op_SpecMemCore, i1 %end_nblk_strm1, i64 666, i64 9, i64 18446744073709551615"   --->   Operation 9 'specmemcore' 'specmemcore_ln0' <Predicate = true> <Delay = 0.00>
ST_1 : Operation 10 [1/1] (0.00ns)   --->   "%specmemcore_ln0 = specmemcore void @_ssdm_op_SpecMemCore, i1 %end_nblk_strm2, i64 666, i64 9, i64 18446744073709551615"   --->   Operation 10 'specmemcore' 'specmemcore_ln0' <Predicate = true> <Delay = 0.00>
ST_1 : Operation 11 [1/1] (0.00ns)   --->   "%specinterface_ln0 = specinterface void @_ssdm_op_SpecInterface, i128 %nblk_strm, void @empty_10, i32 0, i32 0, void @empty, i32 0, i32 0, void @empty, void @empty, void @empty, i32 0, i32 0, i32 0, i32 0, void @empty, void @empty, i32 4294967295, i32 0, i32 0"   --->   Operation 11 'specinterface' 'specinterface_ln0' <Predicate = true> <Delay = 0.00>
ST_1 : Operation 12 [1/1] (0.00ns)   --->   "%specinterface_ln0 = specinterface void @_ssdm_op_SpecInterface, i128 %nblk_strm1, void @empty_10, i32 0, i32 0, void @empty, i32 0, i32 0, void @empty, void @empty, void @empty, i32 0, i32 0, i32 0, i32 0, void @empty, void @empty, i32 4294967295, i32 0, i32 0"   --->   Operation 12 'specinterface' 'specinterface_ln0' <Predicate = true> <Delay = 0.00>
ST_1 : Operation 13 [1/1] (0.00ns)   --->   "%specinterface_ln0 = specinterface void @_ssdm_op_SpecInterface, i128 %nblk_strm2, void @empty_10, i32 0, i32 0, void @empty, i32 0, i32 0, void @empty, void @empty, void @empty, i32 0, i32 0, i32 0, i32 0, void @empty, void @empty, i32 4294967295, i32 0, i32 0"   --->   Operation 13 'specinterface' 'specinterface_ln0' <Predicate = true> <Delay = 0.00>
ST_1 : Operation 14 [1/1] (0.00ns)   --->   "%specinterface_ln0 = specinterface void @_ssdm_op_SpecInterface, i1 %end_nblk_strm, void @empty_10, i32 0, i32 0, void @empty, i32 0, i32 0, void @empty, void @empty, void @empty, i32 0, i32 0, i32 0, i32 0, void @empty, void @empty, i32 4294967295, i32 0, i32 0"   --->   Operation 14 'specinterface' 'specinterface_ln0' <Predicate = true> <Delay = 0.00>
ST_1 : Operation 15 [1/1] (0.00ns)   --->   "%specinterface_ln0 = specinterface void @_ssdm_op_SpecInterface, i1 %end_nblk_strm1, void @empty_10, i32 0, i32 0, void @empty, i32 0, i32 0, void @empty, void @empty, void @empty, i32 0, i32 0, i32 0, i32 0, void @empty, void @empty, i32 4294967295, i32 0, i32 0"   --->   Operation 15 'specinterface' 'specinterface_ln0' <Predicate = true> <Delay = 0.00>
ST_1 : Operation 16 [1/1] (0.00ns)   --->   "%specinterface_ln0 = specinterface void @_ssdm_op_SpecInterface, i1 %end_nblk_strm2, void @empty_10, i32 0, i32 0, void @empty, i32 0, i32 0, void @empty, void @empty, void @empty, i32 0, i32 0, i32 0, i32 0, void @empty, void @empty, i32 4294967295, i32 0, i32 0"   --->   Operation 16 'specinterface' 'specinterface_ln0' <Predicate = true> <Delay = 0.00>
ST_1 : Operation 17 [1/1] (0.00ns)   --->   "%e_read = read i1 @_ssdm_op_Read.ap_auto.i1, i1 %e" [C:/Users/nileshnadekar/.Xilinx/Vitis/2024.2/vitis_libraries/security/L1/include\xf_security/sha512_t.hpp:543]   --->   Operation 17 'read' 'e_read' <Predicate = true> <Delay = 0.00>
ST_1 : Operation 18 [1/1] (0.48ns)   --->   "%br_ln553 = br void %while.cond" [C:/Users/nileshnadekar/.Xilinx/Vitis/2024.2/vitis_libraries/security/L1/include\xf_security/sha512_t.hpp:553]   --->   Operation 18 'br' 'br_ln553' <Predicate = true> <Delay = 0.48>
ST_1 : Operation 19 [1/1] (0.00ns)   --->   "%e_1 = phi i1 %e_read, void %newFuncRoot, i1 %e_2, void %while.body"   --->   Operation 19 'phi' 'e_1' <Predicate = true> <Delay = 0.00>
ST_1 : Operation 20 [1/1] (0.00ns)   --->   "%br_ln553 = br i1 %e_1, void %while.body, void %while.end.exitStub" [C:/Users/nileshnadekar/.Xilinx/Vitis/2024.2/vitis_libraries/security/L1/include\xf_security/sha512_t.hpp:553]   --->   Operation 20 'br' 'br_ln553' <Predicate = true> <Delay = 0.00>
ST_1 : Operation 21 [1/1] ( I:1.93ns O:1.93ns )   --->   "%e_2 = read i1 @_ssdm_op_Read.ap_fifo.volatile.i1P0A, i1 %end_nblk_strm" [C:/Users/nileshnadekar/.Xilinx/Vitis/2024.2/vitis_libraries/security/L1/include\xf_security/sha512_t.hpp:563]   --->   Operation 21 'read' 'e_2' <Predicate = (!e_1)> <Delay = 1.93> <CoreInst = "FIFO_LUTRAM">   --->   Core 79 'FIFO_LUTRAM' <Latency = 0> <II = 1> <Delay = 1.93> <Storage> <Opcode : 'read' 'write' 'nbread' 'nbwrite'> <Ports = 0> <Width = 1> <Depth = 32> <FIFO>
ST_1 : Operation 31 [1/1] (0.48ns)   --->   "%ret_ln0 = ret"   --->   Operation 31 'ret' 'ret_ln0' <Predicate = (e_1)> <Delay = 0.48>

State 2 <SV = 1> <Delay = 3.87>
ST_2 : Operation 22 [1/1] (0.00ns)   --->   "%specpipeline_ln555 = specpipeline void @_ssdm_op_SpecPipeline, i32 1, i32 0, i32 0, i32 0, void @empty" [C:/Users/nileshnadekar/.Xilinx/Vitis/2024.2/vitis_libraries/security/L1/include\xf_security/sha512_t.hpp:555]   --->   Operation 22 'specpipeline' 'specpipeline_ln555' <Predicate = (!e_1)> <Delay = 0.00>
ST_2 : Operation 23 [1/1] (0.00ns)   --->   "%speclooptripcount_ln554 = speclooptripcount void @_ssdm_op_SpecLoopTripCount, i64 1, i64 1, i64 1" [C:/Users/nileshnadekar/.Xilinx/Vitis/2024.2/vitis_libraries/security/L1/include\xf_security/sha512_t.hpp:554]   --->   Operation 23 'speclooptripcount' 'speclooptripcount_ln554' <Predicate = (!e_1)> <Delay = 0.00>
ST_2 : Operation 24 [1/1] (0.00ns)   --->   "%specloopname_ln553 = specloopname void @_ssdm_op_SpecLoopName, void @empty_21" [C:/Users/nileshnadekar/.Xilinx/Vitis/2024.2/vitis_libraries/security/L1/include\xf_security/sha512_t.hpp:553]   --->   Operation 24 'specloopname' 'specloopname_ln553' <Predicate = (!e_1)> <Delay = 0.00>
ST_2 : Operation 25 [1/1] ( I:1.93ns O:1.93ns )   --->   "%nblk_strm_read = read i128 @_ssdm_op_Read.ap_fifo.volatile.i128P0A, i128 %nblk_strm" [C:/Users/nileshnadekar/.Xilinx/Vitis/2024.2/vitis_libraries/security/L1/include\xf_security/sha512_t.hpp:556]   --->   Operation 25 'read' 'nblk_strm_read' <Predicate = (!e_1)> <Delay = 1.93> <CoreInst = "FIFO_LUTRAM">   --->   Core 79 'FIFO_LUTRAM' <Latency = 0> <II = 1> <Delay = 1.93> <Storage> <Opcode : 'read' 'write' 'nbread' 'nbwrite'> <Ports = 0> <Width = 128> <Depth = 32> <FIFO>
ST_2 : Operation 26 [1/1] ( I:1.93ns O:1.93ns )   --->   "%write_ln558 = write void @_ssdm_op_Write.ap_fifo.volatile.i128P0A, i128 %nblk_strm1, i128 %nblk_strm_read" [C:/Users/nileshnadekar/.Xilinx/Vitis/2024.2/vitis_libraries/security/L1/include\xf_security/sha512_t.hpp:558]   --->   Operation 26 'write' 'write_ln558' <Predicate = (!e_1)> <Delay = 1.93> <CoreInst = "FIFO_LUTRAM">   --->   Core 79 'FIFO_LUTRAM' <Latency = 0> <II = 1> <Delay = 1.93> <Storage> <Opcode : 'read' 'write' 'nbread' 'nbwrite'> <Ports = 0> <Width = 128> <Depth = 32> <FIFO>
ST_2 : Operation 27 [1/1] ( I:1.93ns O:1.93ns )   --->   "%write_ln559 = write void @_ssdm_op_Write.ap_fifo.volatile.i1P0A, i1 %end_nblk_strm1, i1 0" [C:/Users/nileshnadekar/.Xilinx/Vitis/2024.2/vitis_libraries/security/L1/include\xf_security/sha512_t.hpp:559]   --->   Operation 27 'write' 'write_ln559' <Predicate = (!e_1)> <Delay = 1.93> <CoreInst = "FIFO_LUTRAM">   --->   Core 79 'FIFO_LUTRAM' <Latency = 0> <II = 1> <Delay = 1.93> <Storage> <Opcode : 'read' 'write' 'nbread' 'nbwrite'> <Ports = 0> <Width = 1> <Depth = 32> <FIFO>
ST_2 : Operation 28 [1/1] ( I:1.93ns O:1.93ns )   --->   "%write_ln560 = write void @_ssdm_op_Write.ap_fifo.volatile.i128P0A, i128 %nblk_strm2, i128 %nblk_strm_read" [C:/Users/nileshnadekar/.Xilinx/Vitis/2024.2/vitis_libraries/security/L1/include\xf_security/sha512_t.hpp:560]   --->   Operation 28 'write' 'write_ln560' <Predicate = (!e_1)> <Delay = 1.93> <CoreInst = "FIFO_LUTRAM">   --->   Core 79 'FIFO_LUTRAM' <Latency = 0> <II = 1> <Delay = 1.93> <Storage> <Opcode : 'read' 'write' 'nbread' 'nbwrite'> <Ports = 0> <Width = 128> <Depth = 32> <FIFO>
ST_2 : Operation 29 [1/1] ( I:1.93ns O:1.93ns )   --->   "%write_ln561 = write void @_ssdm_op_Write.ap_fifo.volatile.i1P0A, i1 %end_nblk_strm2, i1 0" [C:/Users/nileshnadekar/.Xilinx/Vitis/2024.2/vitis_libraries/security/L1/include\xf_security/sha512_t.hpp:561]   --->   Operation 29 'write' 'write_ln561' <Predicate = (!e_1)> <Delay = 1.93> <CoreInst = "FIFO_LUTRAM">   --->   Core 79 'FIFO_LUTRAM' <Latency = 0> <II = 1> <Delay = 1.93> <Storage> <Opcode : 'read' 'write' 'nbread' 'nbwrite'> <Ports = 0> <Width = 1> <Depth = 32> <FIFO>
ST_2 : Operation 30 [1/1] (0.00ns)   --->   "%br_ln553 = br void %while.cond" [C:/Users/nileshnadekar/.Xilinx/Vitis/2024.2/vitis_libraries/security/L1/include\xf_security/sha512_t.hpp:553]   --->   Operation 30 'br' 'br_ln553' <Predicate = (!e_1)> <Delay = 0.00>


============================================================
+ Verbose Summary: Timing violations
============================================================
Target clock period: 10.000ns, clock uncertainty: 1.050ns.

 <State 1>: 2.428ns
The critical path consists of the following:
	multiplexor before 'phi' operation 1 bit ('e') with incoming values : ('e_read', C:/Users/nileshnadekar/.Xilinx/Vitis/2024.2/vitis_libraries/security/L1/include\xf_security/sha512_t.hpp:543) ('e', C:/Users/nileshnadekar/.Xilinx/Vitis/2024.2/vitis_libraries/security/L1/include\xf_security/sha512_t.hpp:563) [23]  (0.489 ns)
	'phi' operation 1 bit ('e') with incoming values : ('e_read', C:/Users/nileshnadekar/.Xilinx/Vitis/2024.2/vitis_libraries/security/L1/include\xf_security/sha512_t.hpp:543) ('e', C:/Users/nileshnadekar/.Xilinx/Vitis/2024.2/vitis_libraries/security/L1/include\xf_security/sha512_t.hpp:563) [23]  (0.000 ns)
	fifo read operation ('e', C:/Users/nileshnadekar/.Xilinx/Vitis/2024.2/vitis_libraries/security/L1/include\xf_security/sha512_t.hpp:563) on port 'end_nblk_strm' (C:/Users/nileshnadekar/.Xilinx/Vitis/2024.2/vitis_libraries/security/L1/include\xf_security/sha512_t.hpp:563) [34]  (1.939 ns)

 <State 2>: 3.878ns
The critical path consists of the following:
	fifo read operation ('nblk_strm_read', C:/Users/nileshnadekar/.Xilinx/Vitis/2024.2/vitis_libraries/security/L1/include\xf_security/sha512_t.hpp:556) on port 'nblk_strm' (C:/Users/nileshnadekar/.Xilinx/Vitis/2024.2/vitis_libraries/security/L1/include\xf_security/sha512_t.hpp:556) [29]  (1.939 ns)
	fifo write operation ('write_ln558', C:/Users/nileshnadekar/.Xilinx/Vitis/2024.2/vitis_libraries/security/L1/include\xf_security/sha512_t.hpp:558) on port 'nblk_strm1' (C:/Users/nileshnadekar/.Xilinx/Vitis/2024.2/vitis_libraries/security/L1/include\xf_security/sha512_t.hpp:558) [30]  (1.939 ns)


============================================================
+ Verbose Summary: Binding
============================================================
N/A
* FSMD analyzer results:
  - Output states:
 - Input state : 
  - Chain level:
	State 1
	State 2


============================================================
+ Verbose Summary: Datapath Resource usage 
============================================================
N/A
