

================================================================
== Vitis HLS Report for 'dup_strm_128u_s'
================================================================
* Date:           Wed Jun 10 15:14:57 2026

* Version:        2024.2 (Build 5238294 on Nov  8 2024)
* Project:        test
* Solution:       hls (Vivado IP Flow Target)
* Product family: zynquplus
* Target device:  xczu3eg-sbva484-1-i


================================================================
== Performance Estimates
================================================================
+ Timing: 
    * Summary: 
    +--------+----------+----------+------------+
    |  Clock |  Target  | Estimated| Uncertainty|
    +--------+----------+----------+------------+
    |ap_clk  |  10.00 ns|  3.878 ns|     1.05 ns|
    +--------+----------+----------+------------+

+ Latency: 
    * Summary: 
    +---------+---------+-----------+-----------+-----+-----+---------+
    |  Latency (cycles) |   Latency (absolute)  |  Interval | Pipeline|
    |   min   |   max   |    min    |    max    | min | max |   Type  |
    +---------+---------+-----------+-----------+-----+-----+---------+
    |        6|        6|  60.000 ns|  60.000 ns|    6|    6|       no|
    +---------+---------+-----------+-----------+-----+-----+---------+

    + Detail: 
        * Instance: 
        N/A

        * Loop: 
        N/A

============================================================
+ Verbose Summary: Synthesis Manager
============================================================
InlineROM: 1
ExposeGlobal: 0
============================================================
+ Verbose Summary: CDFG Model
============================================================
IsTopModel: 0
ResetActiveHigh: 1
IsCombinational: 2
IsDatapathOnly: 0
HasWiredReturn: 1
HasMFsm: 0
HasVarLatency: 1
IsPipeline: 0
IsRtlPipelined: 0
IsInstanceOverlapped: 0
IsDontTouch: 0
HasImplIP: 0
IsGatedGlobalClock: 0


============================================================
+ Verbose Summary: Schedule
============================================================
* Number of FSM states : 4
* Pipeline : 0
* Dataflow Pipeline: 0

* FSM state transitions: 
1 --> 2 
2 --> 3 
3 --> 4 
4 --> 

* FSM state operations: 

State 1 <SV = 0> <Delay = 1.93>
ST_1 : Operation 5 [1/1] ( I:1.93ns O:1.93ns )   --->   "%e = read i1 @_ssdm_op_Read.ap_fifo.volatile.i1P0A, i1 %end_nblk_strm" [C:/Users/nileshnadekar/.Xilinx/Vitis/2024.2/vitis_libraries/security/L1/include\xf_security/sha512_t.hpp:550]   --->   Operation 5 'read' 'e' <Predicate = true> <Delay = 1.93> <CoreInst = "FIFO_LUTRAM">   --->   Core 79 'FIFO_LUTRAM' <Latency = 0> <II = 1> <Delay = 1.93> <Storage> <Opcode : 'read' 'write' 'nbread' 'nbwrite'> <Ports = 0> <Width = 1> <Depth = 32> <FIFO>

State 2 <SV = 1> <Delay = 1.93>
ST_2 : Operation 6 [1/1] (0.00ns)   --->   "%fence_ln553 = fence void @_ssdm_op_Fence, i1 %end_nblk_strm, i32 4294967295, i128 %nblk_strm, i128 %nblk_strm1, i1 %end_nblk_strm1, i128 %nblk_strm2, i1 %end_nblk_strm2, i1 %end_nblk_strm" [C:/Users/nileshnadekar/.Xilinx/Vitis/2024.2/vitis_libraries/security/L1/include\xf_security/sha512_t.hpp:553]   --->   Operation 6 'fence' 'fence_ln553' <Predicate = true> <Delay = 0.00>
ST_2 : Operation 7 [2/2] (1.93ns)   --->   "%call_ln550 = call void @dup_strm<128u>_Pipeline_LOOP_DUP_STREAM, i1 %e, i128 %nblk_strm, i128 %nblk_strm1, i1 %end_nblk_strm1, i128 %nblk_strm2, i1 %end_nblk_strm2, i1 %end_nblk_strm" [C:/Users/nileshnadekar/.Xilinx/Vitis/2024.2/vitis_libraries/security/L1/include\xf_security/sha512_t.hpp:550]   --->   Operation 7 'call' 'call_ln550' <Predicate = true> <Delay = 1.93> <CoreType = "Generic">   --->   Generic Core

State 3 <SV = 2> <Delay = 0.97>
ST_3 : Operation 8 [1/2] (0.97ns)   --->   "%call_ln550 = call void @dup_strm<128u>_Pipeline_LOOP_DUP_STREAM, i1 %e, i128 %nblk_strm, i128 %nblk_strm1, i1 %end_nblk_strm1, i128 %nblk_strm2, i1 %end_nblk_strm2, i1 %end_nblk_strm" [C:/Users/nileshnadekar/.Xilinx/Vitis/2024.2/vitis_libraries/security/L1/include\xf_security/sha512_t.hpp:550]   --->   Operation 8 'call' 'call_ln550' <Predicate = true> <Delay = 0.97> <CoreType = "Generic">   --->   Generic Core

State 4 <SV = 3> <Delay = 1.93>
ST_4 : Operation 9 [1/1] (0.00ns)   --->   "%specmemcore_ln0 = specmemcore void @_ssdm_op_SpecMemCore, i1 %end_nblk_strm2, i64 666, i64 9, i64 18446744073709551615"   --->   Operation 9 'specmemcore' 'specmemcore_ln0' <Predicate = true> <Delay = 0.00>
ST_4 : Operation 10 [1/1] (0.00ns)   --->   "%specmemcore_ln0 = specmemcore void @_ssdm_op_SpecMemCore, i1 %end_nblk_strm1, i64 666, i64 9, i64 18446744073709551615"   --->   Operation 10 'specmemcore' 'specmemcore_ln0' <Predicate = true> <Delay = 0.00>
ST_4 : Operation 11 [1/1] (0.00ns)   --->   "%specmemcore_ln0 = specmemcore void @_ssdm_op_SpecMemCore, i1 %end_nblk_strm, i64 666, i64 9, i64 18446744073709551615"   --->   Operation 11 'specmemcore' 'specmemcore_ln0' <Predicate = true> <Delay = 0.00>
ST_4 : Operation 12 [1/1] (0.00ns)   --->   "%specmemcore_ln0 = specmemcore void @_ssdm_op_SpecMemCore, i128 %nblk_strm2, i64 666, i64 9, i64 18446744073709551615"   --->   Operation 12 'specmemcore' 'specmemcore_ln0' <Predicate = true> <Delay = 0.00>
ST_4 : Operation 13 [1/1] (0.00ns)   --->   "%specmemcore_ln0 = specmemcore void @_ssdm_op_SpecMemCore, i128 %nblk_strm1, i64 666, i64 9, i64 18446744073709551615"   --->   Operation 13 'specmemcore' 'specmemcore_ln0' <Predicate = true> <Delay = 0.00>
ST_4 : Operation 14 [1/1] (0.00ns)   --->   "%specmemcore_ln0 = specmemcore void @_ssdm_op_SpecMemCore, i128 %nblk_strm, i64 666, i64 9, i64 18446744073709551615"   --->   Operation 14 'specmemcore' 'specmemcore_ln0' <Predicate = true> <Delay = 0.00>
ST_4 : Operation 15 [1/1] (0.00ns)   --->   "%specinterface_ln0 = specinterface void @_ssdm_op_SpecInterface, i1 %end_nblk_strm2, void @empty_10, i32 0, i32 0, void @empty, i32 0, i32 0, void @empty, void @empty, void @empty, i32 0, i32 0, i32 0, i32 0, void @empty, void @empty, i32 4294967295, i32 0, i32 0"   --->   Operation 15 'specinterface' 'specinterface_ln0' <Predicate = true> <Delay = 0.00>
ST_4 : Operation 16 [1/1] (0.00ns)   --->   "%specinterface_ln0 = specinterface void @_ssdm_op_SpecInterface, i1 %end_nblk_strm1, void @empty_10, i32 0, i32 0, void @empty, i32 0, i32 0, void @empty, void @empty, void @empty, i32 0, i32 0, i32 0, i32 0, void @empty, void @empty, i32 4294967295, i32 0, i32 0"   --->   Operation 16 'specinterface' 'specinterface_ln0' <Predicate = true> <Delay = 0.00>
ST_4 : Operation 17 [1/1] (0.00ns)   --->   "%specinterface_ln0 = specinterface void @_ssdm_op_SpecInterface, i1 %end_nblk_strm, void @empty_10, i32 0, i32 0, void @empty, i32 0, i32 0, void @empty, void @empty, void @empty, i32 0, i32 0, i32 0, i32 0, void @empty, void @empty, i32 4294967295, i32 0, i32 0"   --->   Operation 17 'specinterface' 'specinterface_ln0' <Predicate = true> <Delay = 0.00>
ST_4 : Operation 18 [1/1] (0.00ns)   --->   "%specinterface_ln0 = specinterface void @_ssdm_op_SpecInterface, i128 %nblk_strm2, void @empty_10, i32 0, i32 0, void @empty, i32 0, i32 0, void @empty, void @empty, void @empty, i32 0, i32 0, i32 0, i32 0, void @empty, void @empty, i32 4294967295, i32 0, i32 0"   --->   Operation 18 'specinterface' 'specinterface_ln0' <Predicate = true> <Delay = 0.00>
ST_4 : Operation 19 [1/1] (0.00ns)   --->   "%specinterface_ln0 = specinterface void @_ssdm_op_SpecInterface, i128 %nblk_strm1, void @empty_10, i32 0, i32 0, void @empty, i32 0, i32 0, void @empty, void @empty, void @empty, i32 0, i32 0, i32 0, i32 0, void @empty, void @empty, i32 4294967295, i32 0, i32 0"   --->   Operation 19 'specinterface' 'specinterface_ln0' <Predicate = true> <Delay = 0.00>
ST_4 : Operation 20 [1/1] (0.00ns)   --->   "%specinterface_ln0 = specinterface void @_ssdm_op_SpecInterface, i128 %nblk_strm, void @empty_10, i32 0, i32 0, void @empty, i32 0, i32 0, void @empty, void @empty, void @empty, i32 0, i32 0, i32 0, i32 0, void @empty, void @empty, i32 4294967295, i32 0, i32 0"   --->   Operation 20 'specinterface' 'specinterface_ln0' <Predicate = true> <Delay = 0.00>
ST_4 : Operation 21 [1/1] (0.00ns)   --->   "%fence_ln566 = fence void @_ssdm_op_Fence, i128 %nblk_strm, i128 %nblk_strm1, i1 %end_nblk_strm1, i128 %nblk_strm2, i1 %end_nblk_strm2, i1 %end_nblk_strm, i32 4294967295, i1 %end_nblk_strm1, i1 %end_nblk_strm2" [C:/Users/nileshnadekar/.Xilinx/Vitis/2024.2/vitis_libraries/security/L1/include\xf_security/sha512_t.hpp:566]   --->   Operation 21 'fence' 'fence_ln566' <Predicate = true> <Delay = 0.00>
ST_4 : Operation 22 [1/1] ( I:1.93ns O:1.93ns )   --->   "%write_ln566 = write void @_ssdm_op_Write.ap_fifo.volatile.i1P0A, i1 %end_nblk_strm1, i1 1" [C:/Users/nileshnadekar/.Xilinx/Vitis/2024.2/vitis_libraries/security/L1/include\xf_security/sha512_t.hpp:566]   --->   Operation 22 'write' 'write_ln566' <Predicate = true> <Delay = 1.93> <CoreInst = "FIFO_LUTRAM">   --->   Core 79 'FIFO_LUTRAM' <Latency = 0> <II = 1> <Delay = 1.93> <Storage> <Opcode : 'read' 'write' 'nbread' 'nbwrite'> <Ports = 0> <Width = 1> <Depth = 32> <FIFO>
ST_4 : Operation 23 [1/1] ( I:1.93ns O:1.93ns )   --->   "%write_ln567 = write void @_ssdm_op_Write.ap_fifo.volatile.i1P0A, i1 %end_nblk_strm2, i1 1" [C:/Users/nileshnadekar/.Xilinx/Vitis/2024.2/vitis_libraries/security/L1/include\xf_security/sha512_t.hpp:567]   --->   Operation 23 'write' 'write_ln567' <Predicate = true> <Delay = 1.93> <CoreInst = "FIFO_LUTRAM">   --->   Core 79 'FIFO_LUTRAM' <Latency = 0> <II = 1> <Delay = 1.93> <Storage> <Opcode : 'read' 'write' 'nbread' 'nbwrite'> <Ports = 0> <Width = 1> <Depth = 32> <FIFO>
ST_4 : Operation 24 [1/1] (0.00ns)   --->   "%ret_ln569 = ret" [C:/Users/nileshnadekar/.Xilinx/Vitis/2024.2/vitis_libraries/security/L1/include\xf_security/sha512_t.hpp:569]   --->   Operation 24 'ret' 'ret_ln569' <Predicate = true> <Delay = 0.00>


============================================================
+ Verbose Summary: Timing violations
============================================================
Target clock period: 10.000ns, clock uncertainty: 1.050ns.

 <State 1>: 1.939ns
The critical path consists of the following:
	fifo read operation ('e', C:/Users/nileshnadekar/.Xilinx/Vitis/2024.2/vitis_libraries/security/L1/include\xf_security/sha512_t.hpp:550) on port 'end_nblk_strm' (C:/Users/nileshnadekar/.Xilinx/Vitis/2024.2/vitis_libraries/security/L1/include\xf_security/sha512_t.hpp:550) [19]  (1.939 ns)

 <State 2>: 1.939ns
The critical path consists of the following:
	'call' operation 0 bit ('call_ln550', C:/Users/nileshnadekar/.Xilinx/Vitis/2024.2/vitis_libraries/security/L1/include\xf_security/sha512_t.hpp:550) to 'dup_strm<128u>_Pipeline_LOOP_DUP_STREAM' [21]  (1.939 ns)

 <State 3>: 0.978ns
The critical path consists of the following:
	'call' operation 0 bit ('call_ln550', C:/Users/nileshnadekar/.Xilinx/Vitis/2024.2/vitis_libraries/security/L1/include\xf_security/sha512_t.hpp:550) to 'dup_strm<128u>_Pipeline_LOOP_DUP_STREAM' [21]  (0.978 ns)

 <State 4>: 1.939ns
The critical path consists of the following:
	fifo write operation ('write_ln566', C:/Users/nileshnadekar/.Xilinx/Vitis/2024.2/vitis_libraries/security/L1/include\xf_security/sha512_t.hpp:566) on port 'end_nblk_strm1' (C:/Users/nileshnadekar/.Xilinx/Vitis/2024.2/vitis_libraries/security/L1/include\xf_security/sha512_t.hpp:566) [23]  (1.939 ns)


============================================================
+ Verbose Summary: Binding
============================================================
N/A
* FSMD analyzer results:
  - Output states:
 - Input state : 
  - Chain level:
	State 1
	State 2
	State 3
	State 4


============================================================
+ Verbose Summary: Datapath Resource usage 
============================================================
N/A
