

================================================================
== Vitis HLS Report for 'generateMsgSchedule_64u_Pipeline_LOOP_SHA1_GEN_WT64'
================================================================
* Date:           Wed Jun 10 15:15:06 2026

* Version:        2024.2 (Build 5238294 on Nov  8 2024)
* Project:        test
* Solution:       hls (Vivado IP Flow Target)
* Product family: zynquplus
* Target device:  xczu3eg-sbva484-1-i


================================================================
== Performance Estimates
================================================================
+ Timing: 
    * Summary: 
    +--------+----------+----------+------------+
    |  Clock |  Target  | Estimated| Uncertainty|
    +--------+----------+----------+------------+
    |ap_clk  |  10.00 ns|  2.968 ns|     1.05 ns|
    +--------+----------+----------+------------+

+ Latency: 
    * Summary: 
    +---------+---------+----------+----------+-----+-----+------------------------------------------------+
    |  Latency (cycles) |  Latency (absolute) |  Interval |                    Pipeline                    |
    |   min   |   max   |    min   |    max   | min | max |                      Type                      |
    +---------+---------+----------+----------+-----+-----+------------------------------------------------+
    |       66|       66|  0.660 us|  0.660 us|   65|   65|  loop auto-rewind stp (delay=0 clock cycles(s))|
    +---------+---------+----------+----------+-----+-----+------------------------------------------------+

    + Detail: 
        * Instance: 
        N/A

        * Loop: 
        +----------------------+---------+---------+----------+-----------+-----------+------+----------+
        |                      |  Latency (cycles) | Iteration|  Initiation Interval  | Trip |          |
        |       Loop Name      |   min   |   max   |  Latency |  achieved |   target  | Count| Pipelined|
        +----------------------+---------+---------+----------+-----------+-----------+------+----------+
        |- LOOP_SHA1_GEN_WT64  |       64|       64|         2|          1|          1|    64|       yes|
        +----------------------+---------+---------+----------+-----------+-----------+------+----------+



================================================================
== Utilization Estimates
================================================================
* Summary: 
+-----------------+---------+-----+--------+-------+-----+
|       Name      | BRAM_18K| DSP |   FF   |  LUT  | URAM|
+-----------------+---------+-----+--------+-------+-----+
|DSP              |        -|    -|       -|      -|    -|
|Expression       |        -|    -|       0|    487|    -|
|FIFO             |        -|    -|       -|      -|    -|
|Instance         |        -|    -|       -|      -|    -|
|Memory           |        -|    -|       -|      -|    -|
|Multiplexer      |        -|    -|       0|    189|    -|
|Register         |        -|    -|    1099|      -|    -|
+-----------------+---------+-----+--------+-------+-----+
|Total            |        0|    0|    1099|    676|    0|
+-----------------+---------+-----+--------+-------+-----+
|Available        |      432|  360|  141120|  70560|    0|
+-----------------+---------+-----+--------+-------+-----+
|Utilization (%)  |        0|    0|      ~0|     ~0|    0|
+-----------------+---------+-----+--------+-------+-----+

+ Detail: 
    * Instance: 
    N/A

    * DSP: 
    N/A

    * Memory: 
    N/A

    * FIFO: 
    N/A

    * Expression: 
    +--------------------------------+----------+----+---+----+------------+------------+
    |          Variable Name         | Operation| DSP| FF| LUT| Bitwidth P0| Bitwidth P1|
    +--------------------------------+----------+----+---+----+------------+------------+
    |Wt_fu_571_p2                    |         +|   0|  0|  64|          64|          64|
    |add_ln620_1_fu_565_p2           |         +|   0|  0|  71|          64|          64|
    |add_ln620_fu_559_p2             |         +|   0|  0|  64|          64|          64|
    |t_2_fu_577_p2                   |         +|   0|  0|  14|           7|           1|
    |ap_block_pp0_stage0_01001_grp1  |       and|   0|  0|   2|           1|           1|
    |icmp_ln618_fu_404_p2            |      icmp|   0|  0|  14|           7|           7|
    |ap_enable_pp0                   |       xor|   0|  0|   2|           1|           2|
    |xor_ln620_1_fu_541_p2           |       xor|   0|  0|  64|          64|          64|
    |xor_ln620_2_fu_547_p2           |       xor|   0|  0|  64|          64|          64|
    |xor_ln620_3_fu_553_p2           |       xor|   0|  0|  64|          64|          64|
    |xor_ln620_fu_535_p2             |       xor|   0|  0|  64|          64|          64|
    +--------------------------------+----------+----+---+----+------------+------------+
    |Total                           |          |   0|  0| 487|         464|         459|
    +--------------------------------+----------+----+---+----+------------+------------+

    * Multiplexer: 
    +-------------------------+----+-----------+-----+-----------+
    |           Name          | LUT| Input Size| Bits| Total Bits|
    +-------------------------+----+-----------+-----+-----------+
    |ap_done_int              |   9|          2|    1|          2|
    |ap_enable_reg_pp0_iter1  |   9|          2|    1|          2|
    |ap_enable_reg_pp0_iter2  |   9|          2|    1|          2|
    |p_0_0_0296_1020_fu_154   |   9|          2|   64|        128|
    |p_0_0_0296_11112_fu_118  |   9|          2|   64|        128|
    |p_0_0_0296_1121_fu_158   |   9|          2|   64|        128|
    |p_0_0_0296_1222_fu_162   |   9|          2|   64|        128|
    |p_0_0_0296_1424_fu_170   |   9|          2|   64|        128|
    |p_0_0_0296_14923_fu_166  |   9|          2|   64|        128|
    |p_0_0_0296_213_fu_126    |   9|          2|   64|        128|
    |p_0_0_0296_314_fu_130    |   9|          2|   64|        128|
    |p_0_0_0296_415_fu_134    |   9|          2|   64|        128|
    |p_0_0_0296_516_fu_138    |   9|          2|   64|        128|
    |p_0_0_0296_617_fu_142    |   9|          2|   64|        128|
    |p_0_0_0296_718_fu_146    |   9|          2|   64|        128|
    |p_0_0_0296_91019_fu_150  |   9|          2|   64|        128|
    |p_0_0_0296_910_fu_114    |   9|          2|   64|        128|
    |t_1_fu_106               |   9|          2|    7|         14|
    |w_strm_blk_n             |   9|          2|    1|          2|
    |x_1_fu_122               |   9|          2|   64|        128|
    |x_fu_110                 |   9|          2|   64|        128|
    +-------------------------+----+-----------+-----+-----------+
    |Total                    | 189|         42| 1035|       2070|
    +-------------------------+----+-----------+-----+-----------+

    * Register: 
    +-------------------------+----+----+-----+-----------+
    |           Name          | FF | LUT| Bits| Const Bits|
    +-------------------------+----+----+-----+-----------+
    |Wt_reg_790               |  64|   0|   64|          0|
    |ap_CS_fsm                |   1|   0|    1|          0|
    |ap_done_reg              |   1|   0|    1|          0|
    |ap_enable_reg_pp0_iter1  |   1|   0|    1|          0|
    |ap_enable_reg_pp0_iter2  |   1|   0|    1|          0|
    |p_0_0_0296_1020_fu_154   |  64|   0|   64|          0|
    |p_0_0_0296_11112_fu_118  |  64|   0|   64|          0|
    |p_0_0_0296_1121_fu_158   |  64|   0|   64|          0|
    |p_0_0_0296_1222_fu_162   |  64|   0|   64|          0|
    |p_0_0_0296_1424_fu_170   |  64|   0|   64|          0|
    |p_0_0_0296_14923_fu_166  |  64|   0|   64|          0|
    |p_0_0_0296_213_fu_126    |  64|   0|   64|          0|
    |p_0_0_0296_314_fu_130    |  64|   0|   64|          0|
    |p_0_0_0296_415_fu_134    |  64|   0|   64|          0|
    |p_0_0_0296_516_fu_138    |  64|   0|   64|          0|
    |p_0_0_0296_617_fu_142    |  64|   0|   64|          0|
    |p_0_0_0296_718_fu_146    |  64|   0|   64|          0|
    |p_0_0_0296_91019_fu_150  |  64|   0|   64|          0|
    |p_0_0_0296_910_fu_114    |  64|   0|   64|          0|
    |t_1_fu_106               |   7|   0|    7|          0|
    |x_1_fu_122               |  64|   0|   64|          0|
    |x_fu_110                 |  64|   0|   64|          0|
    +-------------------------+----+----+-----+-----------+
    |Total                    |1099|   0| 1099|          0|
    +-------------------------+----+----+-----+-----------+



================================================================
== Interface
================================================================
* Summary: 
+-----------------------+-----+-----+------------+------------------------------------------------------+--------------+
|       RTL Ports       | Dir | Bits|  Protocol  |                     Source Object                    |    C Type    |
+-----------------------+-----+-----+------------+------------------------------------------------------+--------------+
|ap_clk                 |   in|    1|  ap_ctrl_hs|  generateMsgSchedule<64u>_Pipeline_LOOP_SHA1_GEN_WT64|  return value|
|ap_rst                 |   in|    1|  ap_ctrl_hs|  generateMsgSchedule<64u>_Pipeline_LOOP_SHA1_GEN_WT64|  return value|
|ap_start               |   in|    1|  ap_ctrl_hs|  generateMsgSchedule<64u>_Pipeline_LOOP_SHA1_GEN_WT64|  return value|
|ap_done                |  out|    1|  ap_ctrl_hs|  generateMsgSchedule<64u>_Pipeline_LOOP_SHA1_GEN_WT64|  return value|
|ap_idle                |  out|    1|  ap_ctrl_hs|  generateMsgSchedule<64u>_Pipeline_LOOP_SHA1_GEN_WT64|  return value|
|ap_ready               |  out|    1|  ap_ctrl_hs|  generateMsgSchedule<64u>_Pipeline_LOOP_SHA1_GEN_WT64|  return value|
|w_strm_din             |  out|   64|     ap_fifo|                                                w_strm|       pointer|
|w_strm_full_n          |   in|    1|     ap_fifo|                                                w_strm|       pointer|
|w_strm_write           |  out|    1|     ap_fifo|                                                w_strm|       pointer|
|w_strm_num_data_valid  |   in|   32|     ap_fifo|                                                w_strm|       pointer|
|w_strm_fifo_cap        |   in|   32|     ap_fifo|                                                w_strm|       pointer|
|W_reload               |   in|   64|     ap_none|                                              W_reload|        scalar|
|W_2_reload             |   in|   64|     ap_none|                                            W_2_reload|        scalar|
|W_3_reload             |   in|   64|     ap_none|                                            W_3_reload|        scalar|
|W_4_reload             |   in|   64|     ap_none|                                            W_4_reload|        scalar|
|W_5_reload             |   in|   64|     ap_none|                                            W_5_reload|        scalar|
|W_7_reload             |   in|   64|     ap_none|                                            W_7_reload|        scalar|
|W_8_reload             |   in|   64|     ap_none|                                            W_8_reload|        scalar|
|W_9_reload             |   in|   64|     ap_none|                                            W_9_reload|        scalar|
|W_10_reload            |   in|   64|     ap_none|                                           W_10_reload|        scalar|
|W_11_reload            |   in|   64|     ap_none|                                           W_11_reload|        scalar|
|W_12_reload            |   in|   64|     ap_none|                                           W_12_reload|        scalar|
|W_13_reload            |   in|   64|     ap_none|                                           W_13_reload|        scalar|
|W_15_reload            |   in|   64|     ap_none|                                           W_15_reload|        scalar|
|W_14_reload            |   in|   64|     ap_none|                                           W_14_reload|        scalar|
|W_6_reload             |   in|   64|     ap_none|                                            W_6_reload|        scalar|
|W_1_reload             |   in|   64|     ap_none|                                            W_1_reload|        scalar|
+-----------------------+-----+-----+------------+------------------------------------------------------+--------------+

