

================================================================
== Vitis HLS Report for 'preProcessing_64u_Pipeline_LOOP_GEN_FULL_BLKS'
================================================================
* Date:           Wed Jun 10 15:15:05 2026

* Version:        2024.2 (Build 5238294 on Nov  8 2024)
* Project:        test
* Solution:       hls (Vivado IP Flow Target)
* Product family: zynquplus
* Target device:  xczu3eg-sbva484-1-i


================================================================
== Performance Estimates
================================================================
+ Timing: 
    * Summary: 
    +--------+----------+----------+------------+
    |  Clock |  Target  | Estimated| Uncertainty|
    +--------+----------+----------+------------+
    |ap_clk  |  10.00 ns|  3.954 ns|     1.05 ns|
    +--------+----------+----------+------------+

+ Latency: 
    * Summary: 
    +---------+---------+-----------+----------+-----+-----+------------------------------------------------+
    |  Latency (cycles) |  Latency (absolute)  |  Interval |                    Pipeline                    |
    |   min   |   max   |    min    |    max   | min | max |                      Type                      |
    +---------+---------+-----------+----------+-----+-----+------------------------------------------------+
    |        2|       18|  20.000 ns|  0.180 us|    1|   17|  loop auto-rewind stp (delay=0 clock cycles(s))|
    +---------+---------+-----------+----------+-----+-----+------------------------------------------------+

    + Detail: 
        * Instance: 
        N/A

        * Loop: 
        +----------------------+---------+---------+----------+-----------+-----------+-------+----------+
        |                      |  Latency (cycles) | Iteration|  Initiation Interval  |  Trip |          |
        |       Loop Name      |   min   |   max   |  Latency |  achieved |   target  | Count | Pipelined|
        +----------------------+---------+---------+----------+-----------+-----------+-------+----------+
        |- LOOP_GEN_FULL_BLKS  |        0|       16|        17|         16|         16|  0 ~ 1|       yes|
        +----------------------+---------+---------+----------+-----------+-----------+-------+----------+



================================================================
== Utilization Estimates
================================================================
* Summary: 
+-----------------+---------+-----+--------+-------+-----+
|       Name      | BRAM_18K| DSP |   FF   |  LUT  | URAM|
+-----------------+---------+-----+--------+-------+-----+
|DSP              |        -|    -|       -|      -|    -|
|Expression       |        -|    -|       0|    294|    -|
|FIFO             |        -|    -|       -|      -|    -|
|Instance         |        -|    -|       -|      -|    -|
|Memory           |        -|    -|       -|      -|    -|
|Multiplexer      |        -|    -|       0|    144|    -|
|Register         |        -|    -|    1102|      -|    -|
+-----------------+---------+-----+--------+-------+-----+
|Total            |        0|    0|    1102|    438|    0|
+-----------------+---------+-----+--------+-------+-----+
|Available        |      432|  360|  141120|  70560|    0|
+-----------------+---------+-----+--------+-------+-----+
|Utilization (%)  |        0|    0|      ~0|     ~0|    0|
+-----------------+---------+-----+--------+-------+-----+

+ Detail: 
    * Instance: 
    N/A

    * DSP: 
    N/A

    * Memory: 
    N/A

    * FIFO: 
    N/A

    * Expression: 
    +-----------------------------------------+----------+----+---+-----+------------+------------+
    |              Variable Name              | Operation| DSP| FF| LUT | Bitwidth P0| Bitwidth P1|
    +-----------------------------------------+----------+----+---+-----+------------+------------+
    |j_2_fu_186_p2                            |         +|   0|  0|  128|         121|           1|
    |ap_block_pp0_stage0_11001_grp15          |       and|   0|  0|    2|           1|           1|
    |ap_block_pp0_stage10_11001_grp9          |       and|   0|  0|    2|           1|           1|
    |ap_block_pp0_stage11_11001_grp10         |       and|   0|  0|    2|           1|           1|
    |ap_block_pp0_stage12_11001_grp11         |       and|   0|  0|    2|           1|           1|
    |ap_block_pp0_stage13_11001_grp12         |       and|   0|  0|    2|           1|           1|
    |ap_block_pp0_stage14_11001_grp13         |       and|   0|  0|    2|           1|           1|
    |ap_block_pp0_stage15_11001_grp14         |       and|   0|  0|    2|           1|           1|
    |ap_block_pp0_stage1_01001_grp16          |       and|   0|  0|    2|           1|           1|
    |ap_block_pp0_stage2_11001_grp1           |       and|   0|  0|    2|           1|           1|
    |ap_block_pp0_stage3_11001_grp2           |       and|   0|  0|    2|           1|           1|
    |ap_block_pp0_stage4_11001_grp3           |       and|   0|  0|    2|           1|           1|
    |ap_block_pp0_stage5_11001_grp4           |       and|   0|  0|    2|           1|           1|
    |ap_block_pp0_stage6_11001_grp5           |       and|   0|  0|    2|           1|           1|
    |ap_block_pp0_stage7_11001_grp6           |       and|   0|  0|    2|           1|           1|
    |ap_block_pp0_stage8_11001_grp7           |       and|   0|  0|    2|           1|           1|
    |ap_block_pp0_stage9_11001_grp8           |       and|   0|  0|    2|           1|           1|
    |ap_block_state10_pp0_stage9_iter0_grp8   |       and|   0|  0|    2|           1|           1|
    |icmp_ln97_fu_181_p2                      |      icmp|   0|  0|  128|         121|         121|
    |ap_block_state18_pp0_stage1_iter1_grp16  |        or|   0|  0|    2|           1|           1|
    |ap_enable_pp0                            |       xor|   0|  0|    2|           1|           2|
    +-----------------------------------------+----------+----+---+-----+------------+------------+
    |Total                                    |          |   0|  0|  294|         261|         142|
    +-----------------------------------------+----------+----+---+-----+------------+------------+

    * Multiplexer: 
    +-----------------------------+----+-----------+-----+-----------+
    |             Name            | LUT| Input Size| Bits| Total Bits|
    +-----------------------------+----+-----------+-----+-----------+
    |ap_NS_fsm                    |  81|         17|    1|         17|
    |ap_done_int                  |   9|          2|    1|          2|
    |ap_enable_reg_pp0_iter0      |   9|          2|    1|          2|
    |ap_enable_reg_pp0_iter0_reg  |   9|          2|    1|          2|
    |ap_enable_reg_pp0_iter1      |   9|          2|    1|          2|
    |blk_strm_blk_n               |   9|          2|    1|          2|
    |core_msg_strm_blk_n          |   9|          2|    1|          2|
    |j_fu_80                      |   9|          2|  121|        242|
    +-----------------------------+----+-----------+-----+-----------+
    |Total                        | 144|         31|  128|        271|
    +-----------------------------+----+-----------+-----+-----------+

    * Register: 
    +-------------------------------------------+-----+----+-----+-----------+
    |                    Name                   |  FF | LUT| Bits| Const Bits|
    +-------------------------------------------+-----+----+-----+-----------+
    |ap_CS_fsm                                  |   16|   0|   16|          0|
    |ap_block_pp0_stage0_subdone_grp0_done_reg  |    1|   0|    1|          0|
    |ap_done_reg                                |    1|   0|    1|          0|
    |ap_enable_reg_pp0_iter0_reg                |    1|   0|    1|          0|
    |ap_enable_reg_pp0_iter1                    |    1|   0|    1|          0|
    |empty_51_reg_458                           |    8|   0|    8|          0|
    |empty_52_reg_498                           |    8|   0|    8|          0|
    |empty_53_reg_538                           |    8|   0|    8|          0|
    |empty_54_reg_578                           |    8|   0|    8|          0|
    |empty_55_reg_618                           |    8|   0|    8|          0|
    |empty_56_reg_658                           |    8|   0|    8|          0|
    |empty_57_reg_698                           |    8|   0|    8|          0|
    |empty_58_reg_738                           |    8|   0|    8|          0|
    |empty_59_reg_778                           |    8|   0|    8|          0|
    |empty_60_reg_818                           |    8|   0|    8|          0|
    |empty_61_reg_858                           |    8|   0|    8|          0|
    |empty_62_reg_898                           |    8|   0|    8|          0|
    |empty_63_reg_938                           |    8|   0|    8|          0|
    |empty_64_reg_978                           |    8|   0|    8|          0|
    |empty_reg_418                              |    8|   0|    8|          0|
    |icmp_ln97_reg_414                          |    1|   0|    1|          0|
    |j_fu_80                                    |  121|   0|  121|          0|
    |p_100_reg_993                              |    8|   0|    8|          0|
    |p_101_reg_998                              |    8|   0|    8|          0|
    |p_102_reg_1003                             |    8|   0|    8|          0|
    |p_103_reg_1008                             |    8|   0|    8|          0|
    |p_104_reg_1013                             |    8|   0|    8|          0|
    |p_10_reg_478                               |    8|   0|    8|          0|
    |p_11_reg_483                               |    8|   0|    8|          0|
    |p_12_reg_488                               |    8|   0|    8|          0|
    |p_13_reg_493                               |    8|   0|    8|          0|
    |p_14_reg_503                               |    8|   0|    8|          0|
    |p_15_reg_508                               |    8|   0|    8|          0|
    |p_16_reg_513                               |    8|   0|    8|          0|
    |p_17_reg_518                               |    8|   0|    8|          0|
    |p_18_reg_523                               |    8|   0|    8|          0|
    |p_19_reg_528                               |    8|   0|    8|          0|
    |p_1_reg_428                                |    8|   0|    8|          0|
    |p_20_reg_533                               |    8|   0|    8|          0|
    |p_21_reg_543                               |    8|   0|    8|          0|
    |p_22_reg_548                               |    8|   0|    8|          0|
    |p_23_reg_553                               |    8|   0|    8|          0|
    |p_24_reg_558                               |    8|   0|    8|          0|
    |p_25_reg_563                               |    8|   0|    8|          0|
    |p_26_reg_568                               |    8|   0|    8|          0|
    |p_27_reg_573                               |    8|   0|    8|          0|
    |p_28_reg_583                               |    8|   0|    8|          0|
    |p_29_reg_588                               |    8|   0|    8|          0|
    |p_2_reg_438                                |    8|   0|    8|          0|
    |p_30_reg_593                               |    8|   0|    8|          0|
    |p_31_reg_598                               |    8|   0|    8|          0|
    |p_32_reg_603                               |    8|   0|    8|          0|
    |p_33_reg_608                               |    8|   0|    8|          0|
    |p_34_reg_613                               |    8|   0|    8|          0|
    |p_35_reg_623                               |    8|   0|    8|          0|
    |p_36_reg_628                               |    8|   0|    8|          0|
    |p_37_reg_633                               |    8|   0|    8|          0|
    |p_38_reg_638                               |    8|   0|    8|          0|
    |p_39_reg_643                               |    8|   0|    8|          0|
    |p_3_reg_448                                |    8|   0|    8|          0|
    |p_40_reg_648                               |    8|   0|    8|          0|
    |p_41_reg_653                               |    8|   0|    8|          0|
    |p_42_reg_663                               |    8|   0|    8|          0|
    |p_43_reg_668                               |    8|   0|    8|          0|
    |p_44_reg_673                               |    8|   0|    8|          0|
    |p_45_reg_678                               |    8|   0|    8|          0|
    |p_46_reg_683                               |    8|   0|    8|          0|
    |p_47_reg_688                               |    8|   0|    8|          0|
    |p_48_reg_693                               |    8|   0|    8|          0|
    |p_49_reg_703                               |    8|   0|    8|          0|
    |p_4_reg_453                                |    8|   0|    8|          0|
    |p_50_reg_708                               |    8|   0|    8|          0|
    |p_51_reg_713                               |    8|   0|    8|          0|
    |p_52_reg_718                               |    8|   0|    8|          0|
    |p_53_reg_723                               |    8|   0|    8|          0|
    |p_54_reg_728                               |    8|   0|    8|          0|
    |p_55_reg_733                               |    8|   0|    8|          0|
    |p_56_reg_743                               |    8|   0|    8|          0|
    |p_57_reg_748                               |    8|   0|    8|          0|
    |p_58_reg_753                               |    8|   0|    8|          0|
    |p_59_reg_758                               |    8|   0|    8|          0|
    |p_5_reg_443                                |    8|   0|    8|          0|
    |p_60_reg_763                               |    8|   0|    8|          0|
    |p_61_reg_768                               |    8|   0|    8|          0|
    |p_62_reg_773                               |    8|   0|    8|          0|
    |p_63_reg_783                               |    8|   0|    8|          0|
    |p_64_reg_788                               |    8|   0|    8|          0|
    |p_65_reg_793                               |    8|   0|    8|          0|
    |p_66_reg_798                               |    8|   0|    8|          0|
    |p_67_reg_803                               |    8|   0|    8|          0|
    |p_68_reg_808                               |    8|   0|    8|          0|
    |p_69_reg_813                               |    8|   0|    8|          0|
    |p_6_reg_433                                |    8|   0|    8|          0|
    |p_70_reg_823                               |    8|   0|    8|          0|
    |p_71_reg_828                               |    8|   0|    8|          0|
    |p_72_reg_833                               |    8|   0|    8|          0|
    |p_73_reg_838                               |    8|   0|    8|          0|
    |p_74_reg_843                               |    8|   0|    8|          0|
    |p_75_reg_848                               |    8|   0|    8|          0|
    |p_76_reg_853                               |    8|   0|    8|          0|
    |p_77_reg_863                               |    8|   0|    8|          0|
    |p_78_reg_868                               |    8|   0|    8|          0|
    |p_79_reg_873                               |    8|   0|    8|          0|
    |p_7_reg_423                                |    8|   0|    8|          0|
    |p_80_reg_878                               |    8|   0|    8|          0|
    |p_81_reg_883                               |    8|   0|    8|          0|
    |p_82_reg_888                               |    8|   0|    8|          0|
    |p_83_reg_893                               |    8|   0|    8|          0|
    |p_84_reg_903                               |    8|   0|    8|          0|
    |p_85_reg_908                               |    8|   0|    8|          0|
    |p_86_reg_913                               |    8|   0|    8|          0|
    |p_87_reg_918                               |    8|   0|    8|          0|
    |p_88_reg_923                               |    8|   0|    8|          0|
    |p_89_reg_928                               |    8|   0|    8|          0|
    |p_8_reg_463                                |    8|   0|    8|          0|
    |p_90_reg_933                               |    8|   0|    8|          0|
    |p_91_reg_943                               |    8|   0|    8|          0|
    |p_92_reg_948                               |    8|   0|    8|          0|
    |p_93_reg_953                               |    8|   0|    8|          0|
    |p_94_reg_958                               |    8|   0|    8|          0|
    |p_95_reg_963                               |    8|   0|    8|          0|
    |p_96_reg_968                               |    8|   0|    8|          0|
    |p_97_reg_973                               |    8|   0|    8|          0|
    |p_98_reg_983                               |    8|   0|    8|          0|
    |p_99_reg_988                               |    8|   0|    8|          0|
    |p_9_reg_468                                |    8|   0|    8|          0|
    |p_s_reg_473                                |    8|   0|    8|          0|
    +-------------------------------------------+-----+----+-----+-----------+
    |Total                                      | 1102|   0| 1102|          0|
    +-------------------------------------------+-----+----+-----+-----------+



================================================================
== Interface
================================================================
* Summary: 
+------------------------------+-----+------+------------+------------------------------------------------+--------------+
|           RTL Ports          | Dir | Bits |  Protocol  |                  Source Object                 |    C Type    |
+------------------------------+-----+------+------------+------------------------------------------------+--------------+
|ap_clk                        |   in|     1|  ap_ctrl_hs|  preProcessing<64u>_Pipeline_LOOP_GEN_FULL_BLKS|  return value|
|ap_rst                        |   in|     1|  ap_ctrl_hs|  preProcessing<64u>_Pipeline_LOOP_GEN_FULL_BLKS|  return value|
|ap_start                      |   in|     1|  ap_ctrl_hs|  preProcessing<64u>_Pipeline_LOOP_GEN_FULL_BLKS|  return value|
|ap_done                       |  out|     1|  ap_ctrl_hs|  preProcessing<64u>_Pipeline_LOOP_GEN_FULL_BLKS|  return value|
|ap_idle                       |  out|     1|  ap_ctrl_hs|  preProcessing<64u>_Pipeline_LOOP_GEN_FULL_BLKS|  return value|
|ap_ready                      |  out|     1|  ap_ctrl_hs|  preProcessing<64u>_Pipeline_LOOP_GEN_FULL_BLKS|  return value|
|core_msg_strm_dout            |   in|    64|     ap_fifo|                                   core_msg_strm|       pointer|
|core_msg_strm_empty_n         |   in|     1|     ap_fifo|                                   core_msg_strm|       pointer|
|core_msg_strm_read            |  out|     1|     ap_fifo|                                   core_msg_strm|       pointer|
|core_msg_strm_num_data_valid  |   in|     7|     ap_fifo|                                   core_msg_strm|       pointer|
|core_msg_strm_fifo_cap        |   in|     7|     ap_fifo|                                   core_msg_strm|       pointer|
|blk_strm_din                  |  out|  1024|     ap_fifo|                                        blk_strm|       pointer|
|blk_strm_full_n               |   in|     1|     ap_fifo|                                        blk_strm|       pointer|
|blk_strm_write                |  out|     1|     ap_fifo|                                        blk_strm|       pointer|
|blk_strm_num_data_valid       |   in|     6|     ap_fifo|                                        blk_strm|       pointer|
|blk_strm_fifo_cap             |   in|     6|     ap_fifo|                                        blk_strm|       pointer|
|tmp_1                         |   in|   121|     ap_none|                                           tmp_1|        scalar|
+------------------------------+-----+------+------------+------------------------------------------------+--------------+

