# ---------------------------------------------------------------------------
# Created on Wed Jun 10 15:39:38 +0530 2026 with report_failfast (2023.09.14)
# ---------------------------------------------------------------------------

 +-------------------------------------------------------------------------------------------------------------------------------------------------------------------------------------------------------------------------------------------------------------------------------------------------------------------------------------------------------------------------------------------------------------------------------------------------------------------------------------------------------------------------------------------------------------------------------+
 | Clock Buffers (BUFGCE / BUFGCE_DIV / BUFGCTRL)                                                                                                                                                                                                                                                                                                                                                                                                                                                                                                                                |
 +-------------+-----------------------------------------------------------------------------------------------------------------------------------------------------------------------------------------------------------------------------------------------------------+-----------------------------------------------------------------------------------------------------------------------------------------------------------------------------------------------------------------------------------------------------+-------+--------+------------------------------+
 | Driver Type | Driver Pin                                                                                                                                                                                                                                                | Net                                                                                                                                                                                                                                                 | Slack | Fanout | Load Pins                    |
 +-------------+-----------------------------------------------------------------------------------------------------------------------------------------------------------------------------------------------------------------------------------------------------------+-----------------------------------------------------------------------------------------------------------------------------------------------------------------------------------------------------------------------------------------------------+-------+--------+------------------------------+
 | BUFGCE      | bd_0_i/hls_inst/inst/sha512_t_64u_256u_U0/grp_sha512Top_64u_256u_s_fu_22/SHA512Digest_64u_256u_U0/grp_SHA512Digest_Pipeline_LOOP_SHA1_DIGEST_NBLK_LOOP_SHA1_UPDATE_80_ROUNDS_fu_145/t_fu_456[6]_i_2_bufg_place/O                                          | bd_0_i/hls_inst/inst/sha512_t_64u_256u_U0/grp_sha512Top_64u_256u_s_fu_22/SHA512Digest_64u_256u_U0/grp_SHA512Digest_Pipeline_LOOP_SHA1_DIGEST_NBLK_LOOP_SHA1_UPDATE_80_ROUNDS_fu_145/E[0]                                                            | 6.613 | 1483   | FDRE/CE (1009) FDSE/CE (474) |
 | BUFGCE      | bd_0_i/hls_inst/inst/sha512_t_64u_256u_U0/grp_sha512Top_64u_256u_s_fu_22/generateMsgSchedule_64u_U0/i_2_reg_636[127]_i_1_bufg_place/O                                                                                                                     | bd_0_i/hls_inst/inst/sha512_t_64u_256u_U0/grp_sha512Top_64u_256u_s_fu_22/generateMsgSchedule_64u_U0/blk_10_reg_6960                                                                                                                                 | 5.320 | 1152   | FDRE/CE (1152)               |
 | BUFGCE      | bd_0_i/hls_inst/inst/sha512_t_64u_256u_U0/grp_sha512Top_64u_256u_s_fu_22/SHA512Digest_64u_256u_U0/grp_SHA512Digest_Pipeline_LOOP_SHA1_DIGEST_NBLK_LOOP_SHA1_UPDATE_80_ROUNDS_fu_145/flow_control_loop_pipe_sequential_init_U/t_fu_456[6]_i_1_bufg_place/O | bd_0_i/hls_inst/inst/sha512_t_64u_256u_U0/grp_sha512Top_64u_256u_s_fu_22/SHA512Digest_64u_256u_U0/grp_SHA512Digest_Pipeline_LOOP_SHA1_DIGEST_NBLK_LOOP_SHA1_UPDATE_80_ROUNDS_fu_145/flow_control_loop_pipe_sequential_init_U/ap_loop_init_int_reg_3 | 6.764 | 1042   | FDRE/R (598) FDSE/S (444)    |
 | BUFGCE      | bd_0_i/hls_inst/inst/sha512_t_64u_256u_U0/grp_sha512Top_64u_256u_s_fu_22/generateMsgSchedule_64u_U0/grp_generateMsgSchedule_64u_Pipeline_LOOP_SHA1_GEN_WT64_fu_254/flow_control_loop_pipe_sequential_init_U/p_0_0_0296_1424_fu_170[63]_i_1_bufg_place/O   | bd_0_i/hls_inst/inst/sha512_t_64u_256u_U0/grp_sha512Top_64u_256u_s_fu_22/generateMsgSchedule_64u_U0/grp_generateMsgSchedule_64u_Pipeline_LOOP_SHA1_GEN_WT64_fu_254/flow_control_loop_pipe_sequential_init_U/E[0]                                    | 6.822 | 1024   | FDRE/CE (1024)               |
 +-------------+-----------------------------------------------------------------------------------------------------------------------------------------------------------------------------------------------------------------------------------------------------------+-----------------------------------------------------------------------------------------------------------------------------------------------------------------------------------------------------------------------------------------------------+-------+--------+------------------------------+
