Copyright 1986-2022 Xilinx, Inc. All Rights Reserved. Copyright 2022-2024 Advanced Micro Devices, Inc. All Rights Reserved.
---------------------------------------------------------------------------------------------------------------------------------------------
| Tool Version : Vivado v.2024.2 (win64) Build 5239630 Fri Nov 08 22:35:27 MST 2024
| Date         : Wed Jun 10 15:39:29 2026
| Host         : nileshnadekar running 64-bit major release  (build 9200)
| Command      : report_utilization -hierarchical -hierarchical_depth 9 -file ./report/test_utilization_hierarchical_routed.rpt
| Design       : bd_0_wrapper
| Device       : xczu3eg-sbva484-1-i
| Speed File   : -1
| Design State : Routed
---------------------------------------------------------------------------------------------------------------------------------------------

Utilization Design Information

Table of Contents
-----------------
1. Utilization by Hierarchy

1. Utilization by Hierarchy
---------------------------

+-----------------------------------------------------------------------------------------------------+---------------------------------------------------------------------------------------------+------------+------------+---------+------+-------+--------+--------+------+------------+
|                                               Instance                                              |                                            Module                                           | Total LUTs | Logic LUTs | LUTRAMs | SRLs |  FFs  | RAMB36 | RAMB18 | URAM | DSP Blocks |
+-----------------------------------------------------------------------------------------------------+---------------------------------------------------------------------------------------------+------------+------------+---------+------+-------+--------+--------+------+------------+
| bd_0_wrapper                                                                                        |                                                                                       (top) |       7541 |       6417 |     928 |  196 | 12135 |      0 |      0 |    0 |          0 |
|   bd_0_i                                                                                            |                                                                                        bd_0 |       7541 |       6417 |     928 |  196 | 12135 |      0 |      0 |    0 |          0 |
|     hls_inst                                                                                        |                                                                             bd_0_hls_inst_0 |       7541 |       6417 |     928 |  196 | 12135 |      0 |      0 |    0 |          0 |
|       (hls_inst)                                                                                    |                                                                             bd_0_hls_inst_0 |          0 |          0 |       0 |    0 |     0 |      0 |      0 |    0 |          0 |
|       inst                                                                                          |                                                                        bd_0_hls_inst_0_test |       7541 |       6417 |     928 |  196 | 12135 |      0 |      0 |    0 |          0 |
|         (inst)                                                                                      |                                                                        bd_0_hls_inst_0_test |          0 |          0 |       0 |    0 |     2 |      0 |      0 |    0 |          0 |
|         axis_to_core_U0                                                                             |                                                           bd_0_hls_inst_0_test_axis_to_core |        127 |        127 |       0 |    0 |   395 |      0 |      0 |    0 |          0 |
|           (axis_to_core_U0)                                                                         |                                                           bd_0_hls_inst_0_test_axis_to_core |          4 |          4 |       0 |    0 |   132 |      0 |      0 |    0 |          0 |
|           grp_axis_to_core_Pipeline_FEED_LOOP_fu_85                                                 |                                        bd_0_hls_inst_0_test_axis_to_core_Pipeline_FEED_LOOP |         52 |         52 |       0 |    0 |   130 |      0 |      0 |    0 |          0 |
|             (grp_axis_to_core_Pipeline_FEED_LOOP_fu_85)                                             |                                        bd_0_hls_inst_0_test_axis_to_core_Pipeline_FEED_LOOP |         45 |         45 |       0 |    0 |   128 |      0 |      0 |    0 |          0 |
|             flow_control_loop_pipe_sequential_init_U                                                |                              bd_0_hls_inst_0_test_flow_control_loop_pipe_sequential_init_17 |          7 |          7 |       0 |    0 |     2 |      0 |      0 |    0 |          0 |
|           regslice_both_msg_strm_V_data_V_U                                                         |                                                          bd_0_hls_inst_0_test_regslice_both |         72 |         72 |       0 |    0 |   133 |      0 |      0 |    0 |          0 |
|         control_s_axi_U                                                                             |                                                          bd_0_hls_inst_0_test_control_s_axi |        137 |        137 |       0 |    0 |   183 |      0 |      0 |    0 |          0 |
|         core_digest_strm_U                                                                          |                                                         bd_0_hls_inst_0_test_fifo_w256_d4_S |        134 |          6 |       0 |  128 |     7 |      0 |      0 |    0 |          0 |
|           (core_digest_strm_U)                                                                      |                                                         bd_0_hls_inst_0_test_fifo_w256_d4_S |          6 |          6 |       0 |    0 |     7 |      0 |      0 |    0 |          0 |
|           U_test_fifo_w256_d4_S_ShiftReg                                                            |                                                bd_0_hls_inst_0_test_fifo_w256_d4_S_ShiftReg |        128 |          0 |       0 |  128 |     0 |      0 |      0 |    0 |          0 |
|         core_end_digest_strm_U                                                                      |                                                           bd_0_hls_inst_0_test_fifo_w1_d4_S |          9 |          8 |       0 |    1 |     7 |      0 |      0 |    0 |          0 |
|           (core_end_digest_strm_U)                                                                  |                                                           bd_0_hls_inst_0_test_fifo_w1_d4_S |          7 |          7 |       0 |    0 |     7 |      0 |      0 |    0 |          0 |
|           U_test_fifo_w1_d4_S_ShiftReg                                                              |                                               bd_0_hls_inst_0_test_fifo_w1_d4_S_ShiftReg_16 |          2 |          1 |       0 |    1 |     0 |      0 |      0 |    0 |          0 |
|         core_end_len_strm_U                                                                         |                                                         bd_0_hls_inst_0_test_fifo_w1_d4_S_0 |         11 |         10 |       0 |    1 |     7 |      0 |      0 |    0 |          0 |
|           (core_end_len_strm_U)                                                                     |                                                         bd_0_hls_inst_0_test_fifo_w1_d4_S_0 |         10 |         10 |       0 |    0 |     7 |      0 |      0 |    0 |          0 |
|           U_test_fifo_w1_d4_S_ShiftReg                                                              |                                                  bd_0_hls_inst_0_test_fifo_w1_d4_S_ShiftReg |          2 |          1 |       0 |    1 |     0 |      0 |      0 |    0 |          0 |
|         core_len_strm_U                                                                             |                                                         bd_0_hls_inst_0_test_fifo_w128_d4_S |         72 |          8 |       0 |   64 |     7 |      0 |      0 |    0 |          0 |
|           (core_len_strm_U)                                                                         |                                                         bd_0_hls_inst_0_test_fifo_w128_d4_S |          6 |          6 |       0 |    0 |     7 |      0 |      0 |    0 |          0 |
|           U_test_fifo_w128_d4_S_ShiftReg                                                            |                                                bd_0_hls_inst_0_test_fifo_w128_d4_S_ShiftReg |         66 |          2 |       0 |   64 |     0 |      0 |      0 |    0 |          0 |
|         core_msg_strm_U                                                                             |                                                         bd_0_hls_inst_0_test_fifo_w64_d64_A |        118 |         44 |      74 |    0 |    93 |      0 |      0 |    0 |          0 |
|           (core_msg_strm_U)                                                                         |                                                         bd_0_hls_inst_0_test_fifo_w64_d64_A |         41 |         41 |       0 |    0 |    29 |      0 |      0 |    0 |          0 |
|           U_test_fifo_w64_d64_A_ram                                                                 |                                                     bd_0_hls_inst_0_test_fifo_w64_d64_A_ram |         77 |          3 |      74 |    0 |    64 |      0 |      0 |    0 |          0 |
|         core_to_axis_U0                                                                             |                                                           bd_0_hls_inst_0_test_core_to_axis |        514 |        514 |       0 |    0 |   936 |      0 |      0 |    0 |          0 |
|           (core_to_axis_U0)                                                                         |                                                           bd_0_hls_inst_0_test_core_to_axis |          0 |          0 |       0 |    0 |   330 |      0 |      0 |    0 |          0 |
|           grp_core_to_axis_Pipeline_DRAIN_LOOP_fu_60                                                |                                       bd_0_hls_inst_0_test_core_to_axis_Pipeline_DRAIN_LOOP |        170 |        170 |       0 |    0 |     5 |      0 |      0 |    0 |          0 |
|             (grp_core_to_axis_Pipeline_DRAIN_LOOP_fu_60)                                            |                                       bd_0_hls_inst_0_test_core_to_axis_Pipeline_DRAIN_LOOP |        167 |        167 |       0 |    0 |     4 |      0 |      0 |    0 |          0 |
|             flow_control_loop_pipe_sequential_init_U                                                |                              bd_0_hls_inst_0_test_flow_control_loop_pipe_sequential_init_15 |          3 |          3 |       0 |    0 |     1 |      0 |      0 |    0 |          0 |
|           regslice_both_digest_strm_V_data_V_U                                                      |                                          bd_0_hls_inst_0_test_regslice_both__parameterized3 |        264 |        264 |       0 |    0 |   517 |      0 |      0 |    0 |          0 |
|           regslice_both_digest_strm_V_dest_V_U                                                      |                                          bd_0_hls_inst_0_test_regslice_both__parameterized2 |          6 |          6 |       0 |    0 |     7 |      0 |      0 |    0 |          0 |
|           regslice_both_digest_strm_V_keep_V_U                                                      |                                          bd_0_hls_inst_0_test_regslice_both__parameterized4 |         35 |         35 |       0 |    0 |    36 |      0 |      0 |    0 |          0 |
|           regslice_both_digest_strm_V_last_V_U                                                      |                                          bd_0_hls_inst_0_test_regslice_both__parameterized1 |          5 |          5 |       0 |    0 |     5 |      0 |      0 |    0 |          0 |
|           regslice_both_digest_strm_V_strb_V_U                                                      |                                       bd_0_hls_inst_0_test_regslice_both__parameterized4_14 |         35 |         35 |       0 |    0 |    36 |      0 |      0 |    0 |          0 |
|         dest_id_c_U                                                                                 |                                                           bd_0_hls_inst_0_test_fifo_w2_d4_S |         15 |         13 |       0 |    2 |     7 |      0 |      0 |    0 |          0 |
|           (dest_id_c_U)                                                                             |                                                           bd_0_hls_inst_0_test_fifo_w2_d4_S |         12 |         12 |       0 |    0 |     7 |      0 |      0 |    0 |          0 |
|           U_test_fifo_w2_d4_S_ShiftReg                                                              |                                                  bd_0_hls_inst_0_test_fifo_w2_d4_S_ShiftReg |          3 |          1 |       0 |    2 |     0 |      0 |      0 |    0 |          0 |
|         entry_proc_U0                                                                               |                                                             bd_0_hls_inst_0_test_entry_proc |          2 |          2 |       0 |    0 |     1 |      0 |      0 |    0 |          0 |
|         sha512_t_64u_256u_U0                                                                        |                                                    bd_0_hls_inst_0_test_sha512_t_64u_256u_s |       6395 |       5541 |     854 |    0 | 10481 |      0 |      0 |    0 |          0 |
|           (sha512_t_64u_256u_U0)                                                                    |                                                    bd_0_hls_inst_0_test_sha512_t_64u_256u_s |          3 |          3 |       0 |    0 |     5 |      0 |      0 |    0 |          0 |
|           grp_sha512Top_64u_256u_s_fu_22                                                            |                                                   bd_0_hls_inst_0_test_sha512Top_64u_256u_s |       6392 |       5538 |     854 |    0 | 10476 |      0 |      0 |    0 |          0 |
|             SHA512Digest_64u_256u_U0                                                                |                                                bd_0_hls_inst_0_test_SHA512Digest_64u_256u_s |       2212 |       2212 |       0 |    0 |  1942 |      0 |      0 |    0 |          0 |
|               (SHA512Digest_64u_256u_U0)                                                            |                                                bd_0_hls_inst_0_test_SHA512Digest_64u_256u_s |        134 |        134 |       0 |    0 |   255 |      0 |      0 |    0 |          0 |
|               grp_SHA512Digest_Pipeline_LOOP_SHA1_DIGEST_NBLK_LOOP_SHA1_UPDATE_80_ROUNDS_fu_145     | bd_0_hls_inst_0_test_SHA512Digest_Pipeline_LOOP_SHA1_DIGEST_NBLK_LOOP_SHA1_UPDATE_80_ROUNDS |       2078 |       2078 |       0 |    0 |  1687 |      0 |      0 |    0 |          0 |
|                 (grp_SHA512Digest_Pipeline_LOOP_SHA1_DIGEST_NBLK_LOOP_SHA1_UPDATE_80_ROUNDS_fu_145) | bd_0_hls_inst_0_test_SHA512Digest_Pipeline_LOOP_SHA1_DIGEST_NBLK_LOOP_SHA1_UPDATE_80_ROUNDS |       2025 |       2025 |       0 |    0 |  1685 |      0 |      0 |    0 |          0 |
|                 flow_control_loop_pipe_sequential_init_U                                            |                              bd_0_hls_inst_0_test_flow_control_loop_pipe_sequential_init_13 |         54 |         54 |       0 |    0 |     2 |      0 |      0 |    0 |          0 |
|             blk_strm_U                                                                              |                                                       bd_0_hls_inst_0_test_fifo_w1024_d32_D |        629 |         43 |     586 |    0 |  1071 |      0 |      0 |    0 |          0 |
|               (blk_strm_U)                                                                          |                                                       bd_0_hls_inst_0_test_fifo_w1024_d32_D |         38 |         38 |       0 |    0 |    47 |      0 |      0 |    0 |          0 |
|               U_test_fifo_w1024_d32_D_ram                                                           |                                                   bd_0_hls_inst_0_test_fifo_w1024_d32_D_ram |        591 |          5 |     586 |    0 |  1024 |      0 |      0 |    0 |          0 |
|             dup_strm_128u_U0                                                                        |                                                        bd_0_hls_inst_0_test_dup_strm_128u_s |         30 |         30 |       0 |    0 |    15 |      0 |      0 |    0 |          0 |
|               (dup_strm_128u_U0)                                                                    |                                                        bd_0_hls_inst_0_test_dup_strm_128u_s |          5 |          5 |       0 |    0 |     7 |      0 |      0 |    0 |          0 |
|               grp_dup_strm_128u_Pipeline_LOOP_DUP_STREAM_fu_62                                      |                                 bd_0_hls_inst_0_test_dup_strm_128u_Pipeline_LOOP_DUP_STREAM |         25 |         25 |       0 |    0 |     8 |      0 |      0 |    0 |          0 |
|                 (grp_dup_strm_128u_Pipeline_LOOP_DUP_STREAM_fu_62)                                  |                                 bd_0_hls_inst_0_test_dup_strm_128u_Pipeline_LOOP_DUP_STREAM |         11 |         11 |       0 |    0 |     6 |      0 |      0 |    0 |          0 |
|                 flow_control_loop_pipe_sequential_init_U                                            |                              bd_0_hls_inst_0_test_flow_control_loop_pipe_sequential_init_12 |         14 |         14 |       0 |    0 |     2 |      0 |      0 |    0 |          0 |
|             end_nblk_strm1_U                                                                        |                                                          bd_0_hls_inst_0_test_fifo_w1_d32_D |         26 |         22 |       4 |    0 |    26 |      0 |      0 |    0 |          0 |
|               (end_nblk_strm1_U)                                                                    |                                                          bd_0_hls_inst_0_test_fifo_w1_d32_D |         21 |         21 |       0 |    0 |    25 |      0 |      0 |    0 |          0 |
|               U_test_fifo_w1_d32_D_ram                                                              |                                                   bd_0_hls_inst_0_test_fifo_w1_d32_D_ram_11 |          5 |          1 |       4 |    0 |     1 |      0 |      0 |    0 |          0 |
|             end_nblk_strm2_U                                                                        |                                                        bd_0_hls_inst_0_test_fifo_w1_d32_D_1 |         37 |         33 |       4 |    0 |    26 |      0 |      0 |    0 |          0 |
|               (end_nblk_strm2_U)                                                                    |                                                        bd_0_hls_inst_0_test_fifo_w1_d32_D_1 |         29 |         29 |       0 |    0 |    25 |      0 |      0 |    0 |          0 |
|               U_test_fifo_w1_d32_D_ram                                                              |                                                   bd_0_hls_inst_0_test_fifo_w1_d32_D_ram_10 |         10 |          6 |       4 |    0 |     1 |      0 |      0 |    0 |          0 |
|             end_nblk_strm_U                                                                         |                                                        bd_0_hls_inst_0_test_fifo_w1_d32_D_2 |         29 |         25 |       4 |    0 |    26 |      0 |      0 |    0 |          0 |
|               (end_nblk_strm_U)                                                                     |                                                        bd_0_hls_inst_0_test_fifo_w1_d32_D_2 |         23 |         23 |       0 |    0 |    25 |      0 |      0 |    0 |          0 |
|               U_test_fifo_w1_d32_D_ram                                                              |                                                      bd_0_hls_inst_0_test_fifo_w1_d32_D_ram |          6 |          2 |       4 |    0 |     1 |      0 |      0 |    0 |          0 |
|             generateMsgSchedule_64u_U0                                                              |                                              bd_0_hls_inst_0_test_generateMsgSchedule_64u_s |       1638 |       1638 |       0 |    0 |  3622 |      0 |      0 |    0 |          0 |
|               (generateMsgSchedule_64u_U0)                                                          |                                              bd_0_hls_inst_0_test_generateMsgSchedule_64u_s |         56 |         56 |       0 |    0 |  1420 |      0 |      0 |    0 |          0 |
|               grp_generateMsgSchedule_64u_Pipeline_LOOP_SHA1_GEN_WT64_fu_254                        |                    bd_0_hls_inst_0_test_generateMsgSchedule_64u_Pipeline_LOOP_SHA1_GEN_WT64 |       1239 |       1239 |       0 |    0 |  1106 |      0 |      0 |    0 |          0 |
|                 (grp_generateMsgSchedule_64u_Pipeline_LOOP_SHA1_GEN_WT64_fu_254)                    |                    bd_0_hls_inst_0_test_generateMsgSchedule_64u_Pipeline_LOOP_SHA1_GEN_WT64 |        201 |        201 |       0 |    0 |  1097 |      0 |      0 |    0 |          0 |
|                 flow_control_loop_pipe_sequential_init_U                                            |                               bd_0_hls_inst_0_test_flow_control_loop_pipe_sequential_init_9 |       1040 |       1040 |       0 |    0 |     9 |      0 |      0 |    0 |          0 |
|               grp_generateMsgSchedule_64u_Pipeline_LOOP_SHA512_GEN_WT16_fu_216                      |                  bd_0_hls_inst_0_test_generateMsgSchedule_64u_Pipeline_LOOP_SHA512_GEN_WT16 |        343 |        343 |       0 |    0 |  1096 |      0 |      0 |    0 |          0 |
|                 (grp_generateMsgSchedule_64u_Pipeline_LOOP_SHA512_GEN_WT16_fu_216)                  |                  bd_0_hls_inst_0_test_generateMsgSchedule_64u_Pipeline_LOOP_SHA512_GEN_WT16 |         67 |         67 |       0 |    0 |  1094 |      0 |      0 |    0 |          0 |
|                 flow_control_loop_pipe_sequential_init_U                                            |                               bd_0_hls_inst_0_test_flow_control_loop_pipe_sequential_init_8 |        276 |        276 |       0 |    0 |     2 |      0 |      0 |    0 |          0 |
|             nblk_strm1_U                                                                            |                                                        bd_0_hls_inst_0_test_fifo_w128_d32_D |         96 |         24 |      72 |    0 |   147 |      0 |      0 |    0 |          0 |
|               (nblk_strm1_U)                                                                        |                                                        bd_0_hls_inst_0_test_fifo_w128_d32_D |         23 |         23 |       0 |    0 |    25 |      0 |      0 |    0 |          0 |
|               U_test_fifo_w128_d32_D_ram                                                            |                                                  bd_0_hls_inst_0_test_fifo_w128_d32_D_ram_7 |         73 |          1 |      72 |    0 |   122 |      0 |      0 |    0 |          0 |
|             nblk_strm2_U                                                                            |                                                      bd_0_hls_inst_0_test_fifo_w128_d32_D_3 |         96 |         24 |      72 |    0 |   147 |      0 |      0 |    0 |          0 |
|               (nblk_strm2_U)                                                                        |                                                      bd_0_hls_inst_0_test_fifo_w128_d32_D_3 |         24 |         24 |       0 |    0 |    25 |      0 |      0 |    0 |          0 |
|               U_test_fifo_w128_d32_D_ram                                                            |                                                  bd_0_hls_inst_0_test_fifo_w128_d32_D_ram_6 |         73 |          1 |      72 |    0 |   122 |      0 |      0 |    0 |          0 |
|             nblk_strm_U                                                                             |                                                      bd_0_hls_inst_0_test_fifo_w128_d32_D_4 |         96 |         24 |      72 |    0 |   147 |      0 |      0 |    0 |          0 |
|               (nblk_strm_U)                                                                         |                                                      bd_0_hls_inst_0_test_fifo_w128_d32_D_4 |         23 |         23 |       0 |    0 |    25 |      0 |      0 |    0 |          0 |
|               U_test_fifo_w128_d32_D_ram                                                            |                                                    bd_0_hls_inst_0_test_fifo_w128_d32_D_ram |         73 |          1 |      72 |    0 |   122 |      0 |      0 |    0 |          0 |
|             preProcessing_64u_U0                                                                    |                                                    bd_0_hls_inst_0_test_preProcessing_64u_s |       1422 |       1422 |       0 |    0 |  3204 |      0 |      0 |    0 |          0 |
|               (preProcessing_64u_U0)                                                                |                                                    bd_0_hls_inst_0_test_preProcessing_64u_s |        196 |        196 |       0 |    0 |  1192 |      0 |      0 |    0 |          0 |
|               grp_preProcessing_64u_Pipeline_LOOP_COPY_TAIL_AND_PAD_1_fu_343                        |                    bd_0_hls_inst_0_test_preProcessing_64u_Pipeline_LOOP_COPY_TAIL_AND_PAD_1 |        173 |        173 |       0 |    0 |   909 |      0 |      0 |    0 |          0 |
|                 (grp_preProcessing_64u_Pipeline_LOOP_COPY_TAIL_AND_PAD_1_fu_343)                    |                    bd_0_hls_inst_0_test_preProcessing_64u_Pipeline_LOOP_COPY_TAIL_AND_PAD_1 |        156 |        156 |       0 |    0 |   907 |      0 |      0 |    0 |          0 |
|                 flow_control_loop_pipe_sequential_init_U                                            |                               bd_0_hls_inst_0_test_flow_control_loop_pipe_sequential_init_5 |         19 |         19 |       0 |    0 |     2 |      0 |      0 |    0 |          0 |
|               grp_preProcessing_64u_Pipeline_LOOP_GEN_FULL_BLKS_fu_334                              |                          bd_0_hls_inst_0_test_preProcessing_64u_Pipeline_LOOP_GEN_FULL_BLKS |       1054 |       1054 |       0 |    0 |  1103 |      0 |      0 |    0 |          0 |
|                 (grp_preProcessing_64u_Pipeline_LOOP_GEN_FULL_BLKS_fu_334)                          |                          bd_0_hls_inst_0_test_preProcessing_64u_Pipeline_LOOP_GEN_FULL_BLKS |       1008 |       1008 |       0 |    0 |  1101 |      0 |      0 |    0 |          0 |
|                 flow_control_loop_pipe_sequential_init_U                                            |                                 bd_0_hls_inst_0_test_flow_control_loop_pipe_sequential_init |         47 |         47 |       0 |    0 |     2 |      0 |      0 |    0 |          0 |
|             start_for_SHA512Digest_64u_256u_U0_U                                                    |                                     bd_0_hls_inst_0_test_start_for_SHA512Digest_64u_256u_U0 |          7 |          7 |       0 |    0 |     5 |      0 |      0 |    0 |          0 |
|             start_for_dup_strm_128u_U0_U                                                            |                                             bd_0_hls_inst_0_test_start_for_dup_strm_128u_U0 |          6 |          6 |       0 |    0 |     4 |      0 |      0 |    0 |          0 |
|             start_for_generateMsgSchedule_64u_U0_U                                                  |                                   bd_0_hls_inst_0_test_start_for_generateMsgSchedule_64u_U0 |          8 |          8 |       0 |    0 |     5 |      0 |      0 |    0 |          0 |
|             w_strm_U                                                                                |                                                         bd_0_hls_inst_0_test_fifo_w64_d32_D |         64 |         24 |      40 |    0 |    89 |      0 |      0 |    0 |          0 |
|               (w_strm_U)                                                                            |                                                         bd_0_hls_inst_0_test_fifo_w64_d32_D |         23 |         23 |       0 |    0 |    25 |      0 |      0 |    0 |          0 |
|               U_test_fifo_w64_d32_D_ram                                                             |                                                     bd_0_hls_inst_0_test_fifo_w64_d32_D_ram |         41 |          1 |      40 |    0 |    64 |      0 |      0 |    0 |          0 |
|         start_for_core_to_axis_U0_U                                                                 |                                              bd_0_hls_inst_0_test_start_for_core_to_axis_U0 |          5 |          5 |       0 |    0 |     5 |      0 |      0 |    0 |          0 |
|         start_for_sha512_t_64u_256u_U0_U                                                            |                                         bd_0_hls_inst_0_test_start_for_sha512_t_64u_256u_U0 |          8 |          8 |       0 |    0 |     4 |      0 |      0 |    0 |          0 |
+-----------------------------------------------------------------------------------------------------+---------------------------------------------------------------------------------------------+------------+------------+---------+------+-------+--------+--------+------+------------+
* Note: The sum of lower-level cells may be larger than their parent cells total, due to cross-hierarchy LUT combining


